------------------------------------------------------------
Timing Analyzer Summary
------------------------------------------------------------

Type  : Slow 1100mV 85C Model Setup 'KEY[2]'
Slack : -3.277
TNS   : -201.373

Type  : Slow 1100mV 85C Model Setup 'KEY[3]'
Slack : -0.178
TNS   : -0.322

Type  : Slow 1100mV 85C Model Setup 'KEY[1]'
Slack : -0.159
TNS   : -0.530

Type  : Slow 1100mV 85C Model Hold 'KEY[3]'
Slack : 0.231
TNS   : 0.000

Type  : Slow 1100mV 85C Model Hold 'KEY[1]'
Slack : 0.315
TNS   : 0.000

Type  : Slow 1100mV 85C Model Hold 'KEY[2]'
Slack : 1.411
TNS   : 0.000

Type  : Slow 1100mV 85C Model Minimum Pulse Width 'KEY[2]'
Slack : -0.665
TNS   : -63.711

Type  : Slow 1100mV 85C Model Minimum Pulse Width 'KEY[1]'
Slack : -0.521
TNS   : -3.791

Type  : Slow 1100mV 85C Model Minimum Pulse Width 'KEY[3]'
Slack : -0.394
TNS   : -1.956

Type  : Slow 1100mV 0C Model Setup 'KEY[2]'
Slack : -3.359
TNS   : -205.009

Type  : Slow 1100mV 0C Model Setup 'KEY[3]'
Slack : -0.210
TNS   : -0.438

Type  : Slow 1100mV 0C Model Setup 'KEY[1]'
Slack : -0.203
TNS   : -0.684

Type  : Slow 1100mV 0C Model Hold 'KEY[3]'
Slack : 0.214
TNS   : 0.000

Type  : Slow 1100mV 0C Model Hold 'KEY[1]'
Slack : 0.292
TNS   : 0.000

Type  : Slow 1100mV 0C Model Hold 'KEY[2]'
Slack : 1.468
TNS   : 0.000

Type  : Slow 1100mV 0C Model Minimum Pulse Width 'KEY[2]'
Slack : -0.727
TNS   : -69.889

Type  : Slow 1100mV 0C Model Minimum Pulse Width 'KEY[1]'
Slack : -0.501
TNS   : -3.771

Type  : Slow 1100mV 0C Model Minimum Pulse Width 'KEY[3]'
Slack : -0.394
TNS   : -1.812

Type  : Fast 1100mV 85C Model Setup 'KEY[2]'
Slack : -1.928
TNS   : -110.722

Type  : Fast 1100mV 85C Model Setup 'KEY[3]'
Slack : 0.311
TNS   : 0.000

Type  : Fast 1100mV 85C Model Setup 'KEY[1]'
Slack : 0.327
TNS   : 0.000

Type  : Fast 1100mV 85C Model Hold 'KEY[3]'
Slack : 0.140
TNS   : 0.000

Type  : Fast 1100mV 85C Model Hold 'KEY[1]'
Slack : 0.185
TNS   : 0.000

Type  : Fast 1100mV 85C Model Hold 'KEY[2]'
Slack : 0.737
TNS   : 0.000

Type  : Fast 1100mV 85C Model Minimum Pulse Width 'KEY[2]'
Slack : -0.763
TNS   : -76.173

Type  : Fast 1100mV 85C Model Minimum Pulse Width 'KEY[1]'
Slack : -0.635
TNS   : -4.621

Type  : Fast 1100mV 85C Model Minimum Pulse Width 'KEY[3]'
Slack : -0.388
TNS   : -1.736

Type  : Fast 1100mV 0C Model Setup 'KEY[2]'
Slack : -1.696
TNS   : -99.169

Type  : Fast 1100mV 0C Model Setup 'KEY[3]'
Slack : 0.338
TNS   : 0.000

Type  : Fast 1100mV 0C Model Setup 'KEY[1]'
Slack : 0.351
TNS   : 0.000

Type  : Fast 1100mV 0C Model Hold 'KEY[3]'
Slack : 0.126
TNS   : 0.000

Type  : Fast 1100mV 0C Model Hold 'KEY[1]'
Slack : 0.166
TNS   : 0.000

Type  : Fast 1100mV 0C Model Hold 'KEY[2]'
Slack : 0.676
TNS   : 0.000

Type  : Fast 1100mV 0C Model Minimum Pulse Width 'KEY[2]'
Slack : -0.814
TNS   : -84.254

Type  : Fast 1100mV 0C Model Minimum Pulse Width 'KEY[1]'
Slack : -0.661
TNS   : -4.978

Type  : Fast 1100mV 0C Model Minimum Pulse Width 'KEY[3]'
Slack : -0.428
TNS   : -2.154

------------------------------------------------------------
